// Jest Snapshot v1, https://goo.gl/fbAQLP

exports[`EditPlan renders 1`] = `
<DocumentFragment>
  <div
    class="css-117jhq4"
  >
    <h2
      class="MuiTypography-root MuiTypography-h2 css-1sra7t5-MuiTypography-root"
    >
      Select from the plans below:
    </h2>
    <div
      class="css-kksclf"
      role="button"
    >
      <span
        class="MuiButtonBase-root MuiCheckbox-root MuiCheckbox-colorPrimary PrivateSwitchBase-root MuiCheckbox-root MuiCheckbox-colorPrimary Mui-checked MuiCheckbox-root MuiCheckbox-colorPrimary css-tque03-MuiButtonBase-root-MuiCheckbox-root"
      >
        <input
          checked=""
          class="PrivateSwitchBase-input css-1m9pwf3"
          data-indeterminate="false"
          type="checkbox"
        />
        <svg
          aria-hidden="true"
          class="MuiSvgIcon-root MuiSvgIcon-fontSizeMedium css-i4bv87-MuiSvgIcon-root"
          data-testid="CheckBoxIcon"
          focusable="false"
          viewBox="0 0 24 24"
        >
          <path
            d="M19 3H5c-1.11 0-2 .9-2 2v14c0 1.1.89 2 2 2h14c1.11 0 2-.9 2-2V5c0-1.1-.89-2-2-2zm-9 14l-5-5 1.41-1.41L10 14.17l7.59-7.59L19 8l-9 9z"
          />
        </svg>
        <span
          class="MuiTouchRipple-root css-8je8zh-MuiTouchRipple-root"
        />
      </span>
      <div
        class="css-1lxwves"
      >
        <h3
          class="MuiTypography-root MuiTypography-h3 css-gepadz-MuiTypography-root"
        >
          Basic Plan
        </h3>
        <p
          class="MuiTypography-root MuiTypography-body1 css-1pnmrwp-MuiTypography-root"
        />
      </div>
      <div
        class="css-1ys4hkf"
      >
        <h2
          class="MuiTypography-root MuiTypography-h2 css-1sra7t5-MuiTypography-root"
        >
          $10
        </h2>
        <p
          class="MuiTypography-root MuiTypography-body1 css-17hfm4p-MuiTypography-root"
        >
          Per month plus
        </p>
        <p
          class="MuiTypography-root MuiTypography-body1 css-17hfm4p-MuiTypography-root"
        >
          applicable sales tax
        </p>
      </div>
    </div>
    <div
      class="css-kksclf"
      role="button"
    >
      <span
        class="MuiButtonBase-root MuiCheckbox-root MuiCheckbox-colorPrimary PrivateSwitchBase-root MuiCheckbox-root MuiCheckbox-colorPrimary Mui-checked MuiCheckbox-root MuiCheckbox-colorPrimary css-tque03-MuiButtonBase-root-MuiCheckbox-root"
      >
        <input
          checked=""
          class="PrivateSwitchBase-input css-1m9pwf3"
          data-indeterminate="false"
          type="checkbox"
        />
        <svg
          aria-hidden="true"
          class="MuiSvgIcon-root MuiSvgIcon-fontSizeMedium css-i4bv87-MuiSvgIcon-root"
          data-testid="CheckBoxIcon"
          focusable="false"
          viewBox="0 0 24 24"
        >
          <path
            d="M19 3H5c-1.11 0-2 .9-2 2v14c0 1.1.89 2 2 2h14c1.11 0 2-.9 2-2V5c0-1.1-.89-2-2-2zm-9 14l-5-5 1.41-1.41L10 14.17l7.59-7.59L19 8l-9 9z"
          />
        </svg>
        <span
          class="MuiTouchRipple-root css-8je8zh-MuiTouchRipple-root"
        />
      </span>
      <div
        class="css-1lxwves"
      >
        <h3
          class="MuiTypography-root MuiTypography-h3 css-gepadz-MuiTypography-root"
        >
          Pro Plan
        </h3>
        <p
          class="MuiTypography-root MuiTypography-body1 css-1pnmrwp-MuiTypography-root"
        />
      </div>
      <div
        class="css-1ys4hkf"
      >
        <h2
          class="MuiTypography-root MuiTypography-h2 css-1sra7t5-MuiTypography-root"
        >
          $20
        </h2>
        <p
          class="MuiTypography-root MuiTypography-body1 css-17hfm4p-MuiTypography-root"
        >
          Per month plus
        </p>
        <p
          class="MuiTypography-root MuiTypography-body1 css-17hfm4p-MuiTypography-root"
        >
          applicable sales tax
        </p>
      </div>
    </div>
    <div
      class="css-1ys4hkf"
    >
      <h3
        class="MuiTypography-root MuiTypography-h3 css-gepadz-MuiTypography-root"
      >
        Due today
      </h3>
      <h2
        class="MuiTypography-root MuiTypography-h2 css-1sra7t5-MuiTypography-root"
      >
        $2000
      </h2>
      <p
        class="MuiTypography-root MuiTypography-body1 css-1pnmrwp-MuiTypography-root"
      >
        Plus applicable sales tax
      </p>
    </div>
    <div
      class="css-dzsxei"
    >
      <button
        class="MuiButtonBase-root MuiButton-root MuiButton-contained MuiButton-containedPrimary MuiButton-sizeMedium MuiButton-containedSizeMedium MuiButton-root MuiButton-contained MuiButton-containedPrimary MuiButton-sizeMedium MuiButton-containedSizeMedium css-13dyovk-MuiButtonBase-root-MuiButton-root"
        tabindex="0"
        type="button"
      >
        Select this plan
        <span
          class="MuiTouchRipple-root css-8je8zh-MuiTouchRipple-root"
        />
      </button>
      <button
        class="MuiButtonBase-root MuiButton-root MuiButton-text MuiButton-textPrimary MuiButton-sizeMedium MuiButton-textSizeMedium MuiButton-root MuiButton-text MuiButton-textPrimary MuiButton-sizeMedium MuiButton-textSizeMedium css-1e6y48t-MuiButtonBase-root-MuiButton-root"
        tabindex="0"
        type="button"
      >
        Cancel selection
        <span
          class="MuiTouchRipple-root css-8je8zh-MuiTouchRipple-root"
        />
      </button>
    </div>
  </div>
</DocumentFragment>
`;
